============================= test session starts =============================
platform win32 -- Python 3.13.7, pytest-9.0.2, pluggy-1.6.0 -- C:\Users\NIMISH\AppData\Local\Programs\Python\Python313\python.exe
cachedir: .pytest_cache
rootdir: E:\flask-rest-api-starter
configfile: pytest.ini
collecting ... collected 18 items

tests/auth/test_register.py::test_register_success PASSED                [  5%]
tests/auth/test_register.py::test_register_user_exists PASSED            [ 11%]
tests/auth/test_register.py::test_register_invalid_field_values[invalid-email-password123-testuser-invalid email format] PASSED [ 16%]
tests/auth/test_register.py::test_register_invalid_field_values[test@example.com-12345-testuser-short password] FAILED [ 22%]
tests/auth/test_register.py::test_register_invalid_field_values[test@example.com-password123-ab-short username] FAILED [ 27%]
tests/auth/test_register.py::test_register_invalid_field_values[-password123-testuser-empty email] FAILED [ 33%]
tests/auth/test_register.py::test_register_invalid_field_values[test@example.com--testuser-empty password] FAILED [ 38%]
tests/auth/test_register.py::test_register_invalid_field_values[test@example.com-password123--empty username] FAILED [ 44%]
tests/auth/test_register.py::test_register_missing_fields[data0-missing email] FAILED [ 50%]
tests/auth/test_register.py::test_register_missing_fields[data1-missing password] FAILED [ 55%]
tests/auth/test_register.py::test_register_missing_fields[data2-missing username] FAILED [ 61%]
tests/auth/test_register.py::test_register_missing_fields[data3-empty body] FAILED [ 66%]
tests/auth/test_register.py::test_register_wrong_data_types[12345-password123-testuser-email not string] FAILED [ 72%]
tests/auth/test_register.py::test_register_wrong_data_types[test@example.com-None-testuser-password is None] FAILED [ 77%]
tests/auth/test_register.py::test_register_wrong_data_types[test@example.com-password123-12345-username not string] FAILED [ 83%]
tests/auth/test_register.py::test_register_duplicate_username FAILED     [ 88%]
tests/auth/test_register.py::test_register_invalid_content_type[not json data-text/plain-plain text instead of JSON] FAILED [ 94%]
tests/auth/test_register.py::test_register_invalid_content_type[None-None-None as JSON body] FAILED [100%]

================================== FAILURES ===================================
_ test_register_invalid_field_values[test@example.com-12345-testuser-short password] _

client = <FlaskClient <Flask 'app'>>, email = 'test@example.com'
password = '12345', username = 'testuser', description = 'short password'

    @pytest.mark.parametrize("email,password,username,description", [
        ("invalid-email", "password123", "testuser", "invalid email format"),
        ("test@example.com", "12345", "testuser", "short password"),
        ("test@example.com", "password123", "ab", "short username"),
        ("", "password123", "testuser", "empty email"),
        ("test@example.com", "", "testuser", "empty password"),
        ("test@example.com", "password123", "", "empty username"),
    ])
    def test_register_invalid_field_values(client, email, password, username, description):
        """Test registration with invalid field values"""
        response = client.post('/auth/register', json={
            "email": email,
            "password": password,
            "username": username
        })
>       assert response.status_code == 400, f"Failed for: {description}"
E       AssertionError: Failed for: short password
E       assert 429 == 400
E        +  where 429 = <WrapperTestResponse streamed [429 TOO MANY REQUESTS]>.status_code

tests\auth\test_register.py:40: AssertionError
_ test_register_invalid_field_values[test@example.com-password123-ab-short username] _

client = <FlaskClient <Flask 'app'>>, email = 'test@example.com'
password = 'password123', username = 'ab', description = 'short username'

    @pytest.mark.parametrize("email,password,username,description", [
        ("invalid-email", "password123", "testuser", "invalid email format"),
        ("test@example.com", "12345", "testuser", "short password"),
        ("test@example.com", "password123", "ab", "short username"),
        ("", "password123", "testuser", "empty email"),
        ("test@example.com", "", "testuser", "empty password"),
        ("test@example.com", "password123", "", "empty username"),
    ])
    def test_register_invalid_field_values(client, email, password, username, description):
        """Test registration with invalid field values"""
        response = client.post('/auth/register', json={
            "email": email,
            "password": password,
            "username": username
        })
>       assert response.status_code == 400, f"Failed for: {description}"
E       AssertionError: Failed for: short username
E       assert 429 == 400
E        +  where 429 = <WrapperTestResponse streamed [429 TOO MANY REQUESTS]>.status_code

tests\auth\test_register.py:40: AssertionError
____ test_register_invalid_field_values[-password123-testuser-empty email] ____

client = <FlaskClient <Flask 'app'>>, email = '', password = 'password123'
username = 'testuser', description = 'empty email'

    @pytest.mark.parametrize("email,password,username,description", [
        ("invalid-email", "password123", "testuser", "invalid email format"),
        ("test@example.com", "12345", "testuser", "short password"),
        ("test@example.com", "password123", "ab", "short username"),
        ("", "password123", "testuser", "empty email"),
        ("test@example.com", "", "testuser", "empty password"),
        ("test@example.com", "password123", "", "empty username"),
    ])
    def test_register_invalid_field_values(client, email, password, username, description):
        """Test registration with invalid field values"""
        response = client.post('/auth/register', json={
            "email": email,
            "password": password,
            "username": username
        })
>       assert response.status_code == 400, f"Failed for: {description}"
E       AssertionError: Failed for: empty email
E       assert 429 == 400
E        +  where 429 = <WrapperTestResponse streamed [429 TOO MANY REQUESTS]>.status_code

tests\auth\test_register.py:40: AssertionError
_ test_register_invalid_field_values[test@example.com--testuser-empty password] _

client = <FlaskClient <Flask 'app'>>, email = 'test@example.com', password = ''
username = 'testuser', description = 'empty password'

    @pytest.mark.parametrize("email,password,username,description", [
        ("invalid-email", "password123", "testuser", "invalid email format"),
        ("test@example.com", "12345", "testuser", "short password"),
        ("test@example.com", "password123", "ab", "short username"),
        ("", "password123", "testuser", "empty email"),
        ("test@example.com", "", "testuser", "empty password"),
        ("test@example.com", "password123", "", "empty username"),
    ])
    def test_register_invalid_field_values(client, email, password, username, description):
        """Test registration with invalid field values"""
        response = client.post('/auth/register', json={
            "email": email,
            "password": password,
            "username": username
        })
>       assert response.status_code == 400, f"Failed for: {description}"
E       AssertionError: Failed for: empty password
E       assert 429 == 400
E        +  where 429 = <WrapperTestResponse streamed [429 TOO MANY REQUESTS]>.status_code

tests\auth\test_register.py:40: AssertionError
_ test_register_invalid_field_values[test@example.com-password123--empty username] _

client = <FlaskClient <Flask 'app'>>, email = 'test@example.com'
password = 'password123', username = '', description = 'empty username'

    @pytest.mark.parametrize("email,password,username,description", [
        ("invalid-email", "password123", "testuser", "invalid email format"),
        ("test@example.com", "12345", "testuser", "short password"),
        ("test@example.com", "password123", "ab", "short username"),
        ("", "password123", "testuser", "empty email"),
        ("test@example.com", "", "testuser", "empty password"),
        ("test@example.com", "password123", "", "empty username"),
    ])
    def test_register_invalid_field_values(client, email, password, username, description):
        """Test registration with invalid field values"""
        response = client.post('/auth/register', json={
            "email": email,
            "password": password,
            "username": username
        })
>       assert response.status_code == 400, f"Failed for: {description}"
E       AssertionError: Failed for: empty username
E       assert 429 == 400
E        +  where 429 = <WrapperTestResponse streamed [429 TOO MANY REQUESTS]>.status_code

tests\auth\test_register.py:40: AssertionError
______________ test_register_missing_fields[data0-missing email] ______________

client = <FlaskClient <Flask 'app'>>
data = {'password': 'password123', 'username': 'testuser'}
description = 'missing email'

    @pytest.mark.parametrize("data,description", [
        ({"password": "password123", "username": "testuser"}, "missing email"),
        ({"email": "test@example.com", "username": "testuser"}, "missing password"),
        ({"email": "test@example.com", "password": "password123"}, "missing username"),
        ({}, "empty body"),
    ])
    def test_register_missing_fields(client, data, description):
        """Test registration with missing required fields"""
        response = client.post('/auth/register', json=data)
>       assert response.status_code == 400, f"Failed for: {description}"
E       AssertionError: Failed for: missing email
E       assert 429 == 400
E        +  where 429 = <WrapperTestResponse streamed [429 TOO MANY REQUESTS]>.status_code

tests\auth\test_register.py:53: AssertionError
____________ test_register_missing_fields[data1-missing password] _____________

client = <FlaskClient <Flask 'app'>>
data = {'email': 'test@example.com', 'username': 'testuser'}
description = 'missing password'

    @pytest.mark.parametrize("data,description", [
        ({"password": "password123", "username": "testuser"}, "missing email"),
        ({"email": "test@example.com", "username": "testuser"}, "missing password"),
        ({"email": "test@example.com", "password": "password123"}, "missing username"),
        ({}, "empty body"),
    ])
    def test_register_missing_fields(client, data, description):
        """Test registration with missing required fields"""
        response = client.post('/auth/register', json=data)
>       assert response.status_code == 400, f"Failed for: {description}"
E       AssertionError: Failed for: missing password
E       assert 429 == 400
E        +  where 429 = <WrapperTestResponse streamed [429 TOO MANY REQUESTS]>.status_code

tests\auth\test_register.py:53: AssertionError
____________ test_register_missing_fields[data2-missing username] _____________

client = <FlaskClient <Flask 'app'>>
data = {'email': 'test@example.com', 'password': 'password123'}
description = 'missing username'

    @pytest.mark.parametrize("data,description", [
        ({"password": "password123", "username": "testuser"}, "missing email"),
        ({"email": "test@example.com", "username": "testuser"}, "missing password"),
        ({"email": "test@example.com", "password": "password123"}, "missing username"),
        ({}, "empty body"),
    ])
    def test_register_missing_fields(client, data, description):
        """Test registration with missing required fields"""
        response = client.post('/auth/register', json=data)
>       assert response.status_code == 400, f"Failed for: {description}"
E       AssertionError: Failed for: missing username
E       assert 429 == 400
E        +  where 429 = <WrapperTestResponse streamed [429 TOO MANY REQUESTS]>.status_code

tests\auth\test_register.py:53: AssertionError
_______________ test_register_missing_fields[data3-empty body] ________________

client = <FlaskClient <Flask 'app'>>, data = {}, description = 'empty body'

    @pytest.mark.parametrize("data,description", [
        ({"password": "password123", "username": "testuser"}, "missing email"),
        ({"email": "test@example.com", "username": "testuser"}, "missing password"),
        ({"email": "test@example.com", "password": "password123"}, "missing username"),
        ({}, "empty body"),
    ])
    def test_register_missing_fields(client, data, description):
        """Test registration with missing required fields"""
        response = client.post('/auth/register', json=data)
>       assert response.status_code == 400, f"Failed for: {description}"
E       AssertionError: Failed for: empty body
E       assert 429 == 400
E        +  where 429 = <WrapperTestResponse streamed [429 TOO MANY REQUESTS]>.status_code

tests\auth\test_register.py:53: AssertionError
_ test_register_wrong_data_types[12345-password123-testuser-email not string] _

client = <FlaskClient <Flask 'app'>>, email = 12345, password = 'password123'
username = 'testuser', description = 'email not string'

    @pytest.mark.parametrize("email,password,username,description", [
        (12345, "password123", "testuser", "email not string"),
        ("test@example.com", None, "testuser", "password is None"),
        ("test@example.com", "password123", 12345, "username not string"),
    ])
    def test_register_wrong_data_types(client, email, password, username, description):
        """Test registration with wrong data types"""
        response = client.post('/auth/register', json={
            "email": email,
            "password": password,
            "username": username
        })
>       assert response.status_code == 400, f"Failed for: {description}"
E       AssertionError: Failed for: email not string
E       assert 429 == 400
E        +  where 429 = <WrapperTestResponse streamed [429 TOO MANY REQUESTS]>.status_code

tests\auth\test_register.py:69: AssertionError
_ test_register_wrong_data_types[test@example.com-None-testuser-password is None] _

client = <FlaskClient <Flask 'app'>>, email = 'test@example.com'
password = None, username = 'testuser', description = 'password is None'

    @pytest.mark.parametrize("email,password,username,description", [
        (12345, "password123", "testuser", "email not string"),
        ("test@example.com", None, "testuser", "password is None"),
        ("test@example.com", "password123", 12345, "username not string"),
    ])
    def test_register_wrong_data_types(client, email, password, username, description):
        """Test registration with wrong data types"""
        response = client.post('/auth/register', json={
            "email": email,
            "password": password,
            "username": username
        })
>       assert response.status_code == 400, f"Failed for: {description}"
E       AssertionError: Failed for: password is None
E       assert 429 == 400
E        +  where 429 = <WrapperTestResponse streamed [429 TOO MANY REQUESTS]>.status_code

tests\auth\test_register.py:69: AssertionError
_ test_register_wrong_data_types[test@example.com-password123-12345-username not string] _

client = <FlaskClient <Flask 'app'>>, email = 'test@example.com'
password = 'password123', username = 12345, description = 'username not string'

    @pytest.mark.parametrize("email,password,username,description", [
        (12345, "password123", "testuser", "email not string"),
        ("test@example.com", None, "testuser", "password is None"),
        ("test@example.com", "password123", 12345, "username not string"),
    ])
    def test_register_wrong_data_types(client, email, password, username, description):
        """Test registration with wrong data types"""
        response = client.post('/auth/register', json={
            "email": email,
            "password": password,
            "username": username
        })
>       assert response.status_code == 400, f"Failed for: {description}"
E       AssertionError: Failed for: username not string
E       assert 429 == 400
E        +  where 429 = <WrapperTestResponse streamed [429 TOO MANY REQUESTS]>.status_code

tests\auth\test_register.py:69: AssertionError
______________________ test_register_duplicate_username _______________________

client = <FlaskClient <Flask 'app'>>, test_user = <User 3>

    def test_register_duplicate_username(client, test_user):
        """Test registration with existing username but different email"""
        response = client.post('/auth/register', json={
            "email": "different@example.com",
            "password": "password123",
            "username": "testuser"  # Same username as test_user
        })
>       assert response.status_code == 409
E       assert 429 == 409
E        +  where 429 = <WrapperTestResponse streamed [429 TOO MANY REQUESTS]>.status_code

tests\auth\test_register.py:80: AssertionError
_ test_register_invalid_content_type[not json data-text/plain-plain text instead of JSON] _

client = <FlaskClient <Flask 'app'>>, data = 'not json data'
content_type = 'text/plain', description = 'plain text instead of JSON'

    @pytest.mark.parametrize("data,content_type,description", [
        ("not json data", "text/plain", "plain text instead of JSON"),
        (None, None, "None as JSON body"),
    ])
    def test_register_invalid_content_type(client, data, content_type, description):
        """Test registration with invalid content type"""
        if content_type:
            response = client.post('/auth/register', data=data, content_type=content_type)
        else:
            response = client.post('/auth/register', json=data)
>       assert response.status_code == 400, f"Failed for: {description}"
E       AssertionError: Failed for: plain text instead of JSON
E       assert 429 == 400
E        +  where 429 = <WrapperTestResponse streamed [429 TOO MANY REQUESTS]>.status_code

tests\auth\test_register.py:94: AssertionError
_______ test_register_invalid_content_type[None-None-None as JSON body] _______

client = <FlaskClient <Flask 'app'>>, data = None, content_type = None
description = 'None as JSON body'

    @pytest.mark.parametrize("data,content_type,description", [
        ("not json data", "text/plain", "plain text instead of JSON"),
        (None, None, "None as JSON body"),
    ])
    def test_register_invalid_content_type(client, data, content_type, description):
        """Test registration with invalid content type"""
        if content_type:
            response = client.post('/auth/register', data=data, content_type=content_type)
        else:
            response = client.post('/auth/register', json=data)
>       assert response.status_code == 400, f"Failed for: {description}"
E       AssertionError: Failed for: None as JSON body
E       assert 429 == 400
E        +  where 429 = <WrapperTestResponse streamed [429 TOO MANY REQUESTS]>.status_code

tests\auth\test_register.py:94: AssertionError
=========================== short test summary info ===========================
FAILED tests/auth/test_register.py::test_register_invalid_field_values[test@example.com-12345-testuser-short password]
FAILED tests/auth/test_register.py::test_register_invalid_field_values[test@example.com-password123-ab-short username]
FAILED tests/auth/test_register.py::test_register_invalid_field_values[-password123-testuser-empty email]
FAILED tests/auth/test_register.py::test_register_invalid_field_values[test@example.com--testuser-empty password]
FAILED tests/auth/test_register.py::test_register_invalid_field_values[test@example.com-password123--empty username]
FAILED tests/auth/test_register.py::test_register_missing_fields[data0-missing email]
FAILED tests/auth/test_register.py::test_register_missing_fields[data1-missing password]
FAILED tests/auth/test_register.py::test_register_missing_fields[data2-missing username]
FAILED tests/auth/test_register.py::test_register_missing_fields[data3-empty body]
FAILED tests/auth/test_register.py::test_register_wrong_data_types[12345-password123-testuser-email not string]
FAILED tests/auth/test_register.py::test_register_wrong_data_types[test@example.com-None-testuser-password is None]
FAILED tests/auth/test_register.py::test_register_wrong_data_types[test@example.com-password123-12345-username not string]
FAILED tests/auth/test_register.py::test_register_duplicate_username - assert...
FAILED tests/auth/test_register.py::test_register_invalid_content_type[not json data-text/plain-plain text instead of JSON]
FAILED tests/auth/test_register.py::test_register_invalid_content_type[None-None-None as JSON body]
======================== 15 failed, 3 passed in 0.62s =========================
